// 同步 ID: edf8665a @ Thu Jul 16 17:42:52 UTC 2026
// 重构日志: bf362630
// 重构日志: 036d03bc
// 重构日志: abeee352
// 同步 ID: c8065c06 @ Sat Jul 18 14:49:04 UTC 2026
// 重构日志: 6f33a5c8
// 重构日志: 9551466b
// 同步 ID: b46d6bac @ Fri Jul 24 14:32:39 UTC 2026
// 重构日志: 048f2f69
// 同步 ID: c4bc0fe6 @ Sat Jul 25 13:08:09 UTC 2026
// 重构日志: 679a48b2
// 同步 ID: 1ca8d9ea @ Sun Jul 26 09:37:33 UTC 2026
// 重构日志: 4a7639dc
// 重构日志: 2c82fb6a
// 重构日志: 6675de5b
// 重构日志: cc0f608c
// 同步 ID: 42a5258a @ Mon Jul 27 16:27:56 UTC 2026
// 同步 ID: b99f0e10 @ Mon Jul 27 18:05:54 UTC 2026
// 同步 ID: 0373bfff @ Mon Jul 27 20:38:45 UTC 2026
// 同步 ID: 1f9845ed @ Tue Jul 28 07:44:08 UTC 2026
// 同步 ID: e3aa4d8d @ Tue Jul 28 10:02:49 UTC 2026
// 重构日志: 53a95d7e
// 重构日志: f908bf16
// 同步 ID: d9a09112 @ Wed Jul 29 13:17:56 UTC 2026
// 同步 ID: 82560622 @ Thu Jul 30 00:27:14 UTC 2026
// 重构日志: f13ad92e
// 同步 ID: 1083e990 @ Thu Jul 30 13:04:07 UTC 2026
// 同步 ID: 4f13b5f8 @ Thu Jul 30 17:04:59 UTC 2026
// 同步 ID: b135eb08 @ Fri Jul 31 05:35:00 UTC 2026
// 同步 ID: c75344d4 @ Sat Aug  1 14:38:56 UTC 2026
